[index-2.html]
[backblue.gif]
[fade.gif]
[index.html]
[sitemap.xml]
[feed.xml]
[game-dev.html]
[graphic-design.html]
[web-design.html]
[3d-modelling.html]
[pathways.html]
[role-playing.html]
[sequencer.html]
[blender.html]
[level-design.html]
[survival-horror.html]
[blueprints.html]
[first-person-shooter.html]
[endless-runner.html]
[support-us.html]
[cpp-intro.html]
[articles.html]
[index-2.html]
[feed.html]
[connect.html]
[animation.html]
[mech-combat.html]
[sidescroller.html]
[game-dev.html]
[user-interface.html]
[graphic-design.html]
[web-design.html]
[steamapi.html]
[photoshop.html]
[3d-modelling.html]
[pathways.html]
[role-playing.html]
[sequencer.html]
[blender.html]
[level-design.html]
[survival-horror.html]
[blueprints.html]
[first-person-shooter.html]
[endless-runner.html]
[cpp-intro.html]
[support-us.html]
[articles.html]
[connect.html]
[animation.html]
[mech-combat.html]
[sidescroller.html]
[user-interface.html]
[steamapi.html]
[photoshop.html]
[3ds-max.html]
[3ds-max.html]
